// Jest Snapshot v1, https://goo.gl/fbAQLP

exports[`Policies --- Snapshot Capturing Snapshot of Policies 1`] = `
<div
  className="container"
  data-testid="policies-container"
  id="policies-container"
>
  <div>
    <h2
      className="title"
    >
      Policies (1)
    </h2>
    <p
      className="message"
    >
      All of your teams policies can be found here. Go forth and define rules to enforce your standards!
    </p>
    <div
      className="button"
    >
      <button
        className="bx--btn bx--btn--field bx--btn--primary"
        data-testid="add-policy-button"
        disabled={false}
        onClick={[Function]}
        tabIndex={0}
        type="button"
      >
        Add Policy
        <svg
          aria-hidden="true"
          aria-label="Add Policy"
          className="bx--btn__icon"
          focusable="false"
          height={16}
          preserveAspectRatio="xMidYMid meet"
          role="img"
          style={
            Object {
              "willChange": "transform",
            }
          }
          viewBox="0 0 16 16"
          width={16}
          xmlns="http://www.w3.org/2000/svg"
        >
          <path
            d="M9 7V3H7v4H3v2h4v4h2V9h4V7z"
          />
        </svg>
      </button>
    </div>
  </div>
  <div
    className="bx--data-table-container"
  >
    <table
      className="bx--data-table tableContainer bx--data-table--no-border"
      sortable="true"
    >
      <thead>
        <tr
          className="tableHeadRow"
        >
          <th
            className="tableHeader"
            scope="col"
          >
            <span
              className="bx--table-header-label"
            >
              Name
            </span>
          </th>
          <th
            className="tableHeader"
            scope="col"
          >
            <span
              className="bx--table-header-label"
            >
              Definitions
            </span>
          </th>
          <th
            className="tableHeader"
            scope="col"
          >
            <span
              className="bx--table-header-label"
            >
              Rules
            </span>
          </th>
          <th
            className="tableHeader"
            scope="col"
          >
            <span
              className="bx--table-header-label"
            >
              Stage Gate Allocations
            </span>
          </th>
        </tr>
      </thead>
      <tbody
        aria-live="polite"
        className="tableBody"
        data-testid="policies-tbody"
      >
        <tr
          className="tableRow"
          onClick={[Function]}
        >
          <td
            style={
              Object {
                "padding": "0",
              }
            }
          >
            <div
              className="tableCell"
            >
              <p
                className="tableTextarea"
              >
                Timss
              </p>
            </div>
          </td>
          <td
            style={
              Object {
                "padding": "0",
              }
            }
          >
            <div
              className="tableCell"
            >
              <p
                className="tableTextarea"
              >
                2
              </p>
            </div>
          </td>
          <td
            style={
              Object {
                "padding": "0",
              }
            }
          >
            <div
              className="tableCell"
            >
              <p
                className="tableTextarea"
              >
                2
              </p>
            </div>
          </td>
          <td
            style={
              Object {
                "padding": "0",
              }
            }
          >
            <div
              className="tableCell"
            >
              <p
                className="tableTextarea"
              >
                dev
              </p>
            </div>
          </td>
        </tr>
      </tbody>
    </table>
  </div>
</div>
`;
