// Jest Snapshot v1, https://goo.gl/fbAQLP

exports[`Graph --- Snapshot Capturing Snapshot of Graph 1`] = `
<body
  id="app"
>
  <div>
    <div
      class="bx--tile"
      style="display: flex; flex-direction: column; align-items: spaceBetween; min-height: 10rem;"
    >
      <div
        class="header"
      >
        <h3
          class="title"
        >
          Violations Trend
        </h3>
        <div
          class="filters"
        />
      </div>
      <div
        class="container"
        data-testid="insights-graph"
      >
        <div
          style="display: flex; align-items: center; width: 100%;"
        >
          <div
            class="recharts-responsive-container"
            style="width: 99%; height: 100%;"
          >
            <div
              style="position: absolute; width: 0px; height: 0px; visibility: hidden; display: none;"
            />
          </div>
        </div>
      </div>
    </div>
  </div>
</body>
`;
