// Jest Snapshot v1, https://goo.gl/fbAQLP

exports[`Graph --- Snapshot Capturing Snapshot of Graph 1`] = `
<body
  id="app"
>
  <div>
    <div
      class="bx--tile"
      style="width: 100%; display: flex; flex-direction: column; align-items: spaceBetween; min-height: 10rem;"
    >
      <div
        class="header"
      >
        <h3
          class="title"
        >
          Violations Trend
        </h3>
        <div
          class="filters"
        />
      </div>
      <div
        class="container"
        data-testid="insights-graph"
      >
        <linechart
          chartdata="[object Object]"
          highervalue="2"
          lines="test1,test2"
        />
      </div>
    </div>
  </div>
</body>
`;
