// Jest Snapshot v1, https://goo.gl/fbAQLP

exports[`Overview --- Snapshot Capturing Snapshot of Overview 1`] = `
<body
  id="app"
>
  <div>
    <div
      class="container"
    >
      <section
        class="container"
      >
        <div
          class="inputs"
        >
          <div
            class="bx--bmrg-select"
          >
            <div
              aria-expanded="false"
              aria-haspopup="listbox"
              aria-labelledby="downshift-0-label"
              class="bx--list-box__wrapper"
              role="combobox"
            >
              <label
                class="bx--label"
                for="team"
                id="downshift-0-label"
              >
                <div
                  style="display: flex;"
                >
                  <div>
                    Team
                  </div>
                </div>
              </label>
              <div
                aria-label="Choose an item"
                class="bx--combo-box bx--list-box"
              >
                <div
                  aria-haspopup="true"
                  aria-label="open menu"
                  class="bx--list-box__field"
                  data-toggle="true"
                  id="team"
                  role="button"
                  tabindex="-1"
                  type="button"
                >
                  <input
                    aria-autocomplete="list"
                    aria-labelledby="downshift-0-label"
                    autocomplete="off"
                    class="bx--text-input bx--text-input--empty"
                    id="team"
                    placeholder="Select a team"
                    tabindex="0"
                    title="Team"
                    type="text"
                    value=""
                  />
                  
                  <div
                    class="bx--list-box__menu-icon"
                  >
                    <svg
                      aria-label="Open menu"
                      fill="currentColor"
                      focusable="false"
                      height="16"
                      name="chevron--down"
                      preserveAspectRatio="xMidYMid meet"
                      role="img"
                      viewBox="0 0 16 16"
                      width="16"
                      xmlns="http://www.w3.org/2000/svg"
                    >
                      <path
                        d="M8 11L3 6 3.7 5.3 8 9.6 12.3 5.3 13 6z"
                      />
                      <title>
                        Open menu
                      </title>
                    </svg>
                  </div>
                </div>
              </div>
            </div>
          </div>
        </div>
      </section>
      <section
        class="container"
      >
        <h2
          class="title"
        >
          Insights
        </h2>
        <div
          class="contentContainer"
        >
          <div
            class="tilesContainer"
          >
            <div
              class="bx--tile"
              data-testid="tile-info"
              style="display: flex; width: 100%; height: 10rem; align-items: center; padding: 0px; margin-bottom: 1rem; margin-left: 0px;"
            >
              <div
                class="counter"
                style="color: rgb(4, 124, 192);"
              >
                2
              </div>
              <div
                class="divider"
              />
              <div
                class="text"
              >
                <h3
                  class="title"
                >
                  Current Gates
                </h3>
                <p
                  class="content"
                >
                  Software never is perfect and it won’t be. But is that a license to create garbage?
                </p>
              </div>
            </div>
            <div
              class="bx--tile"
              data-testid="tile-info"
              style="display: flex; width: 100%; height: 10rem; align-items: center; padding: 0px; margin-bottom: 1rem; margin-left: 1rem;"
            >
              <div
                class="counter"
                style="color: rgb(255, 170, 157);"
              >
                8
              </div>
              <div
                class="divider"
              />
              <div
                class="text"
              >
                <h3
                  class="title"
                >
                  Current Violations
                </h3>
                <p
                  class="content"
                >
                  Code will set you free. Think of this as an opportunity for better code. Drive towards zero.
                </p>
              </div>
            </div>
          </div>
          <div
            class="graphsContainer"
          >
            <div
              class="bx--tile"
              style="display: flex; flex-direction: column; align-items: spaceBetween; min-height: 10rem;"
            >
              <div
                class="header"
              >
                <h3
                  class="title"
                >
                  Violations Trend
                </h3>
                <div
                  class="filters"
                />
              </div>
              <div
                class="container"
                data-testid="insights-graph"
              >
                <div
                  style="display: flex; align-items: center; width: 100%;"
                >
                  <div
                    class="recharts-responsive-container"
                    style="width: 99%; height: 100%;"
                  >
                    <div
                      style="position: absolute; width: 0px; height: 0px; visibility: hidden; display: none;"
                    />
                  </div>
                </div>
              </div>
            </div>
          </div>
        </div>
      </section>
      <section
        class="container"
        data-testid="policies-container"
        id="policies-container"
      >
        <h2
          class="title"
        >
          Policies (4)
        </h2>
        <p
          class="message"
        >
          All of your teams policies can be found here. Go forth and define rules to enforce your standards!
        </p>
        <div
          class="button"
        >
          <button
            class="bx--btn bx--btn--field bx--btn--primary"
            data-testid="add-policy-button"
            tabindex="0"
            type="button"
          >
            Create Policy
            <svg
              aria-hidden="true"
              aria-label="Create Policy"
              class="bx--btn__icon"
              fill="currentColor"
              focusable="false"
              height="16"
              preserveAspectRatio="xMidYMid meet"
              role="img"
              viewBox="0 0 32 32"
              width="16"
              xmlns="http://www.w3.org/2000/svg"
            >
              <path
                d="M17 15L17 8 15 8 15 15 8 15 8 17 15 17 15 24 17 24 17 17 24 17 24 15z"
              />
            </svg>
          </button>
        </div>
        <div
          class="bx--data-table-container"
        >
          <div
            class="bx--data-table-content"
          >
            <table
              class="bx--data-table tableContainer bx--data-table--sort bx--data-table--no-border"
            >
              <thead>
                <tr
                  class="tableHeadRow"
                >
                  <th
                    aria-sort="none"
                    class="tableHeader name"
                    scope="col"
                  >
                    <button
                      class="tableHeader name bx--table-sort"
                      type="button"
                    >
                      <span
                        class="bx--table-sort__flex"
                      >
                        <div
                          class="bx--table-header-label"
                        >
                          Name
                        </div>
                        <svg
                          aria-label="Sort rows by this header in ascending order"
                          class="bx--table-sort__icon"
                          fill="currentColor"
                          focusable="false"
                          height="20"
                          preserveAspectRatio="xMidYMid meet"
                          role="img"
                          viewBox="0 0 32 32"
                          width="20"
                          xmlns="http://www.w3.org/2000/svg"
                        >
                          <path
                            d="M16 4L6 14 7.41 15.41 15 7.83 15 30 17 30 17 7.83 24.59 15.41 26 14 16 4z"
                          />
                        </svg>
                        <svg
                          aria-label="Sort rows by this header in ascending order"
                          class="bx--table-sort__icon-unsorted"
                          fill="currentColor"
                          focusable="false"
                          height="20"
                          preserveAspectRatio="xMidYMid meet"
                          role="img"
                          viewBox="0 0 32 32"
                          width="20"
                          xmlns="http://www.w3.org/2000/svg"
                        >
                          <path
                            d="M27.6 20.6L24 24.2 24 4 22 4 22 24.2 18.4 20.6 17 22 23 28 29 22zM9 4L3 10 4.4 11.4 8 7.8 8 28 10 28 10 7.8 13.6 11.4 15 10z"
                          />
                        </svg>
                      </span>
                    </button>
                  </th>
                  <th
                    aria-sort="none"
                    class="tableHeader definitions"
                    scope="col"
                  >
                    <button
                      class="tableHeader definitions bx--table-sort"
                      type="button"
                    >
                      <span
                        class="bx--table-sort__flex"
                      >
                        <div
                          class="bx--table-header-label"
                        >
                          Definitions
                        </div>
                        <svg
                          aria-label="Sort rows by this header in ascending order"
                          class="bx--table-sort__icon"
                          fill="currentColor"
                          focusable="false"
                          height="20"
                          preserveAspectRatio="xMidYMid meet"
                          role="img"
                          viewBox="0 0 32 32"
                          width="20"
                          xmlns="http://www.w3.org/2000/svg"
                        >
                          <path
                            d="M16 4L6 14 7.41 15.41 15 7.83 15 30 17 30 17 7.83 24.59 15.41 26 14 16 4z"
                          />
                        </svg>
                        <svg
                          aria-label="Sort rows by this header in ascending order"
                          class="bx--table-sort__icon-unsorted"
                          fill="currentColor"
                          focusable="false"
                          height="20"
                          preserveAspectRatio="xMidYMid meet"
                          role="img"
                          viewBox="0 0 32 32"
                          width="20"
                          xmlns="http://www.w3.org/2000/svg"
                        >
                          <path
                            d="M27.6 20.6L24 24.2 24 4 22 4 22 24.2 18.4 20.6 17 22 23 28 29 22zM9 4L3 10 4.4 11.4 8 7.8 8 28 10 28 10 7.8 13.6 11.4 15 10z"
                          />
                        </svg>
                      </span>
                    </button>
                  </th>
                  <th
                    aria-sort="none"
                    class="tableHeader rules"
                    scope="col"
                  >
                    <button
                      class="tableHeader rules bx--table-sort"
                      type="button"
                    >
                      <span
                        class="bx--table-sort__flex"
                      >
                        <div
                          class="bx--table-header-label"
                        >
                          Rules
                        </div>
                        <svg
                          aria-label="Sort rows by this header in ascending order"
                          class="bx--table-sort__icon"
                          fill="currentColor"
                          focusable="false"
                          height="20"
                          preserveAspectRatio="xMidYMid meet"
                          role="img"
                          viewBox="0 0 32 32"
                          width="20"
                          xmlns="http://www.w3.org/2000/svg"
                        >
                          <path
                            d="M16 4L6 14 7.41 15.41 15 7.83 15 30 17 30 17 7.83 24.59 15.41 26 14 16 4z"
                          />
                        </svg>
                        <svg
                          aria-label="Sort rows by this header in ascending order"
                          class="bx--table-sort__icon-unsorted"
                          fill="currentColor"
                          focusable="false"
                          height="20"
                          preserveAspectRatio="xMidYMid meet"
                          role="img"
                          viewBox="0 0 32 32"
                          width="20"
                          xmlns="http://www.w3.org/2000/svg"
                        >
                          <path
                            d="M27.6 20.6L24 24.2 24 4 22 4 22 24.2 18.4 20.6 17 22 23 28 29 22zM9 4L3 10 4.4 11.4 8 7.8 8 28 10 28 10 7.8 13.6 11.4 15 10z"
                          />
                        </svg>
                      </span>
                    </button>
                  </th>
                  <th
                    aria-sort="none"
                    class="tableHeader createdDate"
                    scope="col"
                  >
                    <button
                      class="tableHeader createdDate bx--table-sort"
                      type="button"
                    >
                      <span
                        class="bx--table-sort__flex"
                      >
                        <div
                          class="bx--table-header-label"
                        >
                          Created Date
                        </div>
                        <svg
                          aria-label="Sort rows by this header in ascending order"
                          class="bx--table-sort__icon"
                          fill="currentColor"
                          focusable="false"
                          height="20"
                          preserveAspectRatio="xMidYMid meet"
                          role="img"
                          viewBox="0 0 32 32"
                          width="20"
                          xmlns="http://www.w3.org/2000/svg"
                        >
                          <path
                            d="M16 4L6 14 7.41 15.41 15 7.83 15 30 17 30 17 7.83 24.59 15.41 26 14 16 4z"
                          />
                        </svg>
                        <svg
                          aria-label="Sort rows by this header in ascending order"
                          class="bx--table-sort__icon-unsorted"
                          fill="currentColor"
                          focusable="false"
                          height="20"
                          preserveAspectRatio="xMidYMid meet"
                          role="img"
                          viewBox="0 0 32 32"
                          width="20"
                          xmlns="http://www.w3.org/2000/svg"
                        >
                          <path
                            d="M27.6 20.6L24 24.2 24 4 22 4 22 24.2 18.4 20.6 17 22 23 28 29 22zM9 4L3 10 4.4 11.4 8 7.8 8 28 10 28 10 7.8 13.6 11.4 15 10z"
                          />
                        </svg>
                      </span>
                    </button>
                  </th>
                </tr>
              </thead>
              <tbody
                aria-live="polite"
                class="tableBody"
                data-testid="policies-tbody"
              >
                <tr
                  class="tableRow"
                  data-testid="policies-table-row"
                >
                  <td
                    style="padding: 0px;"
                  >
                    <div
                      class="tableCell"
                    >
                      <p
                        class="tableTextarea"
                      >
                        Tyson's Policy
                      </p>
                    </div>
                  </td>
                  <td
                    style="padding: 0px;"
                  >
                    <div
                      class="tableCell"
                    >
                      <p
                        class="tableTextarea"
                      >
                        5
                      </p>
                    </div>
                  </td>
                  <td
                    style="padding: 0px;"
                  >
                    <div
                      class="tableCell"
                    >
                      <p
                        class="tableTextarea"
                      >
                        4
                      </p>
                    </div>
                  </td>
                  <td
                    style="padding: 0px;"
                  >
                    <div
                      class="tableCell"
                    >
                      <time
                        class="tableTextarea"
                      >
                        January 01, 2020
                      </time>
                    </div>
                  </td>
                </tr>
                <tr
                  class="tableRow"
                  data-testid="policies-table-row"
                >
                  <td
                    style="padding: 0px;"
                  >
                    <div
                      class="tableCell"
                    >
                      <p
                        class="tableTextarea"
                      >
                        Timss
                      </p>
                    </div>
                  </td>
                  <td
                    style="padding: 0px;"
                  >
                    <div
                      class="tableCell"
                    >
                      <p
                        class="tableTextarea"
                      >
                        2
                      </p>
                    </div>
                  </td>
                  <td
                    style="padding: 0px;"
                  >
                    <div
                      class="tableCell"
                    >
                      <p
                        class="tableTextarea"
                      >
                        2
                      </p>
                    </div>
                  </td>
                  <td
                    style="padding: 0px;"
                  >
                    <div
                      class="tableCell"
                    >
                      <time
                        class="tableTextarea"
                      >
                        January 01, 2020
                      </time>
                    </div>
                  </td>
                </tr>
                <tr
                  class="tableRow"
                  data-testid="policies-table-row"
                >
                  <td
                    style="padding: 0px;"
                  >
                    <div
                      class="tableCell"
                    >
                      <p
                        class="tableTextarea"
                      >
                        New Policy
                      </p>
                    </div>
                  </td>
                  <td
                    style="padding: 0px;"
                  >
                    <div
                      class="tableCell"
                    >
                      <p
                        class="tableTextarea"
                      >
                        2
                      </p>
                    </div>
                  </td>
                  <td
                    style="padding: 0px;"
                  >
                    <div
                      class="tableCell"
                    >
                      <p
                        class="tableTextarea"
                      >
                        0
                      </p>
                    </div>
                  </td>
                  <td
                    style="padding: 0px;"
                  >
                    <div
                      class="tableCell"
                    >
                      <time
                        class="tableTextarea"
                      >
                        January 01, 2020
                      </time>
                    </div>
                  </td>
                </tr>
                <tr
                  class="tableRow"
                  data-testid="policies-table-row"
                >
                  <td
                    style="padding: 0px;"
                  >
                    <div
                      class="tableCell"
                    >
                      <p
                        class="tableTextarea"
                      >
                        asdasd
                      </p>
                    </div>
                  </td>
                  <td
                    style="padding: 0px;"
                  >
                    <div
                      class="tableCell"
                    >
                      <p
                        class="tableTextarea"
                      >
                        5
                      </p>
                    </div>
                  </td>
                  <td
                    style="padding: 0px;"
                  >
                    <div
                      class="tableCell"
                    >
                      <p
                        class="tableTextarea"
                      >
                        0
                      </p>
                    </div>
                  </td>
                  <td
                    style="padding: 0px;"
                  >
                    <div
                      class="tableCell"
                    >
                      <time
                        class="tableTextarea"
                      >
                        ---
                      </time>
                    </div>
                  </td>
                </tr>
              </tbody>
            </table>
          </div>
        </div>
      </section>
      <section
        class="container"
        data-testid="violations-container"
        id="violations-container"
      >
        <h2
          class="title"
        >
          Violations (8)
        </h2>
        <p
          class="message"
        >
          Compliance is logged for the latest version of a component in a specific stage per policy.
        </p>
        <div
          class="bx--data-table-container"
        >
          <div
            class="bx--data-table-content"
          >
            <table
              class="bx--data-table tableContainer bx--data-table--sort bx--data-table--no-border"
            >
              <thead>
                <tr
                  class="tableHeadRow"
                >
                  <th
                    aria-sort="none"
                    class="tableHeader policyName"
                    scope="col"
                  >
                    <button
                      class="tableHeader policyName bx--table-sort"
                      type="button"
                    >
                      <span
                        class="bx--table-sort__flex"
                      >
                        <div
                          class="bx--table-header-label"
                        >
                          Policy
                        </div>
                        <svg
                          aria-label="Sort rows by this header in ascending order"
                          class="bx--table-sort__icon"
                          fill="currentColor"
                          focusable="false"
                          height="20"
                          preserveAspectRatio="xMidYMid meet"
                          role="img"
                          viewBox="0 0 32 32"
                          width="20"
                          xmlns="http://www.w3.org/2000/svg"
                        >
                          <path
                            d="M16 4L6 14 7.41 15.41 15 7.83 15 30 17 30 17 7.83 24.59 15.41 26 14 16 4z"
                          />
                        </svg>
                        <svg
                          aria-label="Sort rows by this header in ascending order"
                          class="bx--table-sort__icon-unsorted"
                          fill="currentColor"
                          focusable="false"
                          height="20"
                          preserveAspectRatio="xMidYMid meet"
                          role="img"
                          viewBox="0 0 32 32"
                          width="20"
                          xmlns="http://www.w3.org/2000/svg"
                        >
                          <path
                            d="M27.6 20.6L24 24.2 24 4 22 4 22 24.2 18.4 20.6 17 22 23 28 29 22zM9 4L3 10 4.4 11.4 8 7.8 8 28 10 28 10 7.8 13.6 11.4 15 10z"
                          />
                        </svg>
                      </span>
                    </button>
                  </th>
                  <th
                    aria-sort="none"
                    class="tableHeader nbrViolations"
                    scope="col"
                  >
                    <button
                      class="tableHeader nbrViolations bx--table-sort"
                      type="button"
                    >
                      <span
                        class="bx--table-sort__flex"
                      >
                        <div
                          class="bx--table-header-label"
                        >
                          Violations
                        </div>
                        <svg
                          aria-label="Sort rows by this header in ascending order"
                          class="bx--table-sort__icon"
                          fill="currentColor"
                          focusable="false"
                          height="20"
                          preserveAspectRatio="xMidYMid meet"
                          role="img"
                          viewBox="0 0 32 32"
                          width="20"
                          xmlns="http://www.w3.org/2000/svg"
                        >
                          <path
                            d="M16 4L6 14 7.41 15.41 15 7.83 15 30 17 30 17 7.83 24.59 15.41 26 14 16 4z"
                          />
                        </svg>
                        <svg
                          aria-label="Sort rows by this header in ascending order"
                          class="bx--table-sort__icon-unsorted"
                          fill="currentColor"
                          focusable="false"
                          height="20"
                          preserveAspectRatio="xMidYMid meet"
                          role="img"
                          viewBox="0 0 32 32"
                          width="20"
                          xmlns="http://www.w3.org/2000/svg"
                        >
                          <path
                            d="M27.6 20.6L24 24.2 24 4 22 4 22 24.2 18.4 20.6 17 22 23 28 29 22zM9 4L3 10 4.4 11.4 8 7.8 8 28 10 28 10 7.8 13.6 11.4 15 10z"
                          />
                        </svg>
                      </span>
                    </button>
                  </th>
                  <th
                    aria-sort="none"
                    class="tableHeader policyDefinitionTypes"
                    scope="col"
                  >
                    <button
                      class="tableHeader policyDefinitionTypes bx--table-sort"
                      type="button"
                    >
                      <span
                        class="bx--table-sort__flex"
                      >
                        <div
                          class="bx--table-header-label"
                        >
                          Failed Definition Types
                        </div>
                        <svg
                          aria-label="Sort rows by this header in ascending order"
                          class="bx--table-sort__icon"
                          fill="currentColor"
                          focusable="false"
                          height="20"
                          preserveAspectRatio="xMidYMid meet"
                          role="img"
                          viewBox="0 0 32 32"
                          width="20"
                          xmlns="http://www.w3.org/2000/svg"
                        >
                          <path
                            d="M16 4L6 14 7.41 15.41 15 7.83 15 30 17 30 17 7.83 24.59 15.41 26 14 16 4z"
                          />
                        </svg>
                        <svg
                          aria-label="Sort rows by this header in ascending order"
                          class="bx--table-sort__icon-unsorted"
                          fill="currentColor"
                          focusable="false"
                          height="20"
                          preserveAspectRatio="xMidYMid meet"
                          role="img"
                          viewBox="0 0 32 32"
                          width="20"
                          xmlns="http://www.w3.org/2000/svg"
                        >
                          <path
                            d="M27.6 20.6L24 24.2 24 4 22 4 22 24.2 18.4 20.6 17 22 23 28 29 22zM9 4L3 10 4.4 11.4 8 7.8 8 28 10 28 10 7.8 13.6 11.4 15 10z"
                          />
                        </svg>
                      </span>
                    </button>
                  </th>
                  <th
                    aria-sort="none"
                    class="tableHeader referenceId"
                    scope="col"
                  >
                    <button
                      class="tableHeader referenceId bx--table-sort"
                      type="button"
                    >
                      <span
                        class="bx--table-sort__flex"
                      >
                        <div
                          class="bx--table-header-label"
                        >
                          Reference ID
                        </div>
                        <svg
                          aria-label="Sort rows by this header in ascending order"
                          class="bx--table-sort__icon"
                          fill="currentColor"
                          focusable="false"
                          height="20"
                          preserveAspectRatio="xMidYMid meet"
                          role="img"
                          viewBox="0 0 32 32"
                          width="20"
                          xmlns="http://www.w3.org/2000/svg"
                        >
                          <path
                            d="M16 4L6 14 7.41 15.41 15 7.83 15 30 17 30 17 7.83 24.59 15.41 26 14 16 4z"
                          />
                        </svg>
                        <svg
                          aria-label="Sort rows by this header in ascending order"
                          class="bx--table-sort__icon-unsorted"
                          fill="currentColor"
                          focusable="false"
                          height="20"
                          preserveAspectRatio="xMidYMid meet"
                          role="img"
                          viewBox="0 0 32 32"
                          width="20"
                          xmlns="http://www.w3.org/2000/svg"
                        >
                          <path
                            d="M27.6 20.6L24 24.2 24 4 22 4 22 24.2 18.4 20.6 17 22 23 28 29 22zM9 4L3 10 4.4 11.4 8 7.8 8 28 10 28 10 7.8 13.6 11.4 15 10z"
                          />
                        </svg>
                      </span>
                    </button>
                  </th>
                  <th
                    aria-sort="none"
                    class="tableHeader policyActivityCreatedDate"
                    scope="col"
                  >
                    <button
                      class="tableHeader policyActivityCreatedDate bx--table-sort"
                      type="button"
                    >
                      <span
                        class="bx--table-sort__flex"
                      >
                        <div
                          class="bx--table-header-label"
                        >
                          Activity Date
                        </div>
                        <svg
                          aria-label="Sort rows by this header in ascending order"
                          class="bx--table-sort__icon"
                          fill="currentColor"
                          focusable="false"
                          height="20"
                          preserveAspectRatio="xMidYMid meet"
                          role="img"
                          viewBox="0 0 32 32"
                          width="20"
                          xmlns="http://www.w3.org/2000/svg"
                        >
                          <path
                            d="M16 4L6 14 7.41 15.41 15 7.83 15 30 17 30 17 7.83 24.59 15.41 26 14 16 4z"
                          />
                        </svg>
                        <svg
                          aria-label="Sort rows by this header in ascending order"
                          class="bx--table-sort__icon-unsorted"
                          fill="currentColor"
                          focusable="false"
                          height="20"
                          preserveAspectRatio="xMidYMid meet"
                          role="img"
                          viewBox="0 0 32 32"
                          width="20"
                          xmlns="http://www.w3.org/2000/svg"
                        >
                          <path
                            d="M27.6 20.6L24 24.2 24 4 22 4 22 24.2 18.4 20.6 17 22 23 28 29 22zM9 4L3 10 4.4 11.4 8 7.8 8 28 10 28 10 7.8 13.6 11.4 15 10z"
                          />
                        </svg>
                      </span>
                    </button>
                  </th>
                </tr>
              </thead>
              <tbody
                aria-live="polite"
                class="tableBody"
              >
                <tr
                  class="tableBodyRow"
                  data-testid="violations-table-row"
                  tabindex="0"
                >
                  <td
                    style="padding: 0px;"
                  >
                    <div
                      class="tableCell"
                    >
                      <p
                        class="tableTextarea"
                      >
                        Glens Policy
                      </p>
                    </div>
                  </td>
                  <td
                    style="padding: 0px;"
                  >
                    <div
                      class="tableCell"
                    >
                      <p
                        class="tableTextarea"
                      >
                        1
                      </p>
                    </div>
                  </td>
                  <td
                    style="padding: 0px;"
                  >
                    <div
                      class="tableCell"
                    >
                      <p
                        class="tableTextarea"
                      >
                        Static Code Analysis, Static Code Analysis
                      </p>
                    </div>
                  </td>
                  <td
                    style="padding: 0px;"
                  >
                    <div
                      class="tableCell"
                    >
                      <p
                        class="tableTextarea"
                      >
                        ---
                      </p>
                    </div>
                  </td>
                  <td
                    style="padding: 0px;"
                  >
                    <div
                      class="tableCell"
                    >
                      <time
                        class="tableTextarea"
                      >
                        January 01, 2020
                      </time>
                    </div>
                  </td>
                </tr>
                <tr
                  class="tableBodyRow"
                  data-testid="violations-table-row"
                  tabindex="0"
                >
                  <td
                    style="padding: 0px;"
                  >
                    <div
                      class="tableCell"
                    >
                      <p
                        class="tableTextarea"
                      >
                        Glens Policy
                      </p>
                    </div>
                  </td>
                  <td
                    style="padding: 0px;"
                  >
                    <div
                      class="tableCell"
                    >
                      <p
                        class="tableTextarea"
                      >
                        2
                      </p>
                    </div>
                  </td>
                  <td
                    style="padding: 0px;"
                  >
                    <div
                      class="tableCell"
                    >
                      <p
                        class="tableTextarea"
                      >
                        Static Code Analysis, Unit Tests, Static Code Analysis, Unit Tests
                      </p>
                    </div>
                  </td>
                  <td
                    style="padding: 0px;"
                  >
                    <div
                      class="tableCell"
                    >
                      <p
                        class="tableTextarea"
                      >
                        ---
                      </p>
                    </div>
                  </td>
                  <td
                    style="padding: 0px;"
                  >
                    <div
                      class="tableCell"
                    >
                      <time
                        class="tableTextarea"
                      >
                        January 01, 2020
                      </time>
                    </div>
                  </td>
                </tr>
                <tr
                  class="tableBodyRow"
                  data-testid="violations-table-row"
                  tabindex="0"
                >
                  <td
                    style="padding: 0px;"
                  >
                    <div
                      class="tableCell"
                    >
                      <p
                        class="tableTextarea"
                      >
                        Sorin Policy Def
                      </p>
                    </div>
                  </td>
                  <td
                    style="padding: 0px;"
                  >
                    <div
                      class="tableCell"
                    >
                      <p
                        class="tableTextarea"
                      >
                        2
                      </p>
                    </div>
                  </td>
                  <td
                    style="padding: 0px;"
                  >
                    <div
                      class="tableCell"
                    >
                      <p
                        class="tableTextarea"
                      >
                        Security Issue Analysis, Package Safe List, Security Issue Analysis, Package Safe List
                      </p>
                    </div>
                  </td>
                  <td
                    style="padding: 0px;"
                  >
                    <div
                      class="tableCell"
                    >
                      <p
                        class="tableTextarea"
                      >
                        ---
                      </p>
                    </div>
                  </td>
                  <td
                    style="padding: 0px;"
                  >
                    <div
                      class="tableCell"
                    >
                      <time
                        class="tableTextarea"
                      >
                        January 01, 2020
                      </time>
                    </div>
                  </td>
                </tr>
                <tr
                  class="tableBodyRow"
                  data-testid="violations-table-row"
                  tabindex="0"
                >
                  <td
                    style="padding: 0px;"
                  >
                    <div
                      class="tableCell"
                    >
                      <p
                        class="tableTextarea"
                      >
                        Glens Policy
                      </p>
                    </div>
                  </td>
                  <td
                    style="padding: 0px;"
                  >
                    <div
                      class="tableCell"
                    >
                      <p
                        class="tableTextarea"
                      >
                        3
                      </p>
                    </div>
                  </td>
                  <td
                    style="padding: 0px;"
                  >
                    <div
                      class="tableCell"
                    >
                      <p
                        class="tableTextarea"
                      >
                        Static Code Analysis, Unit Tests, Security Issue Analysis, Static Code Analysis, Unit Tests, Security Issue Analysis
                      </p>
                    </div>
                  </td>
                  <td
                    style="padding: 0px;"
                  >
                    <div
                      class="tableCell"
                    >
                      <p
                        class="tableTextarea"
                      >
                        ---
                      </p>
                    </div>
                  </td>
                  <td
                    style="padding: 0px;"
                  >
                    <div
                      class="tableCell"
                    >
                      <time
                        class="tableTextarea"
                      >
                        January 01, 2020
                      </time>
                    </div>
                  </td>
                </tr>
              </tbody>
            </table>
          </div>
        </div>
      </section>
    </div>
  </div>
  <div
    class="bx--bmrg-modal-portal"
  />
</body>
`;
