// Jest Snapshot v1, https://goo.gl/fbAQLP

exports[`Insights --- Snapshot Capturing Snapshot of Insights 1`] = `
<section
  className="c-overview-general-info"
>
  <h2
    className="b-overview-general-title"
  >
    Insights
  </h2>
  <div
    className="c-overview-general-info__content"
  >
    <div
      className="c-tiles"
    >
      <div
        className="bx--tile"
        style={
          Object {
            "alignItems": "center",
            "display": "flex",
            "height": "10rem",
            "padding": "0",
            "width": "100%",
          }
        }
      >
        <div
          className="b-tile-info__counter"
          style={
            Object {
              "color": "#047cc0",
            }
          }
        >
          1
        </div>
        <div
          className="b-tile-info__divider"
        />
        <div
          className="c-tile-info__text"
        >
          <h3
            className="b-tile-info__title"
          >
            Current Gates
          </h3>
          <p
            className="b-tile-info__content"
          >
            Software never is perfect and it won’t be. But is that a license to create garbage?
          </p>
        </div>
      </div>
      <div
        className="bx--tile"
        style={
          Object {
            "alignItems": "center",
            "display": "flex",
            "height": "10rem",
            "padding": "0",
            "width": "100%",
          }
        }
      >
        <div
          className="b-tile-info__counter"
          style={
            Object {
              "color": "#ffaa9d",
            }
          }
        >
          3
        </div>
        <div
          className="b-tile-info__divider"
        />
        <div
          className="c-tile-info__text"
        >
          <h3
            className="b-tile-info__title"
          >
            Current Violations
          </h3>
          <p
            className="b-tile-info__content"
          >
            Code will set you free. Think of this as an opportunity for better code. Drive towards zero.
          </p>
        </div>
      </div>
    </div>
    <div
      className="c-graphs"
    >
      <div
        className="bx--tile"
        style={
          Object {
            "alignItems": "spaceBetween",
            "display": "flex",
            "flexDirection": "column",
            "minHeight": "10rem",
            "width": "100%",
          }
        }
      >
        <div
          className="c-graph-header"
        >
          <h3
            className="b-graph-header__title"
          >
            Violations Trend
          </h3>
          <div
            className="c-graph-filters"
          />
        </div>
        <div
          className="c-graph"
        >
          <div
            style={
              Object {
                "alignItems": "center",
                "display": "flex",
                "width": "100%",
              }
            }
          >
            <div
              className="recharts-responsive-container"
              style={
                Object {
                  "height": "100%",
                  "maxHeight": undefined,
                  "minHeight": 100,
                  "minWidth": undefined,
                  "width": "100%",
                }
              }
            >
              <div
                style={
                  Object {
                    "display": "none",
                    "height": 0,
                    "position": "absolute",
                    "visibility": "hidden",
                    "width": 0,
                  }
                }
              />
            </div>
          </div>
        </div>
      </div>
    </div>
  </div>
</section>
`;
