// Jest Snapshot v1, https://goo.gl/fbAQLP

exports[`PoliciesTable --- Snapshot Capturing Snapshot of PoliciesTable 1`] = `
<div
  className="bx--data-table-v2-container"
>
  <table
    className="bx--data-table-v2 tableContainer"
    sortable={true}
  >
    <thead>
      <tr
        className="tableHeadRow"
      >
        <th
          aria-sort="none"
          className="tableHeader"
          scope="col"
        >
          <button
            className="tableHeader bx--table-sort-v2"
            onClick={[Function]}
          >
            <span
              className="bx--table-header-label"
            >
              Name
            </span>
            <svg
              alt="Sort rows by this header in ascending order"
              aria-label="Sort rows by this header in ascending order"
              className="bx--table-sort-v2__icon"
              fillRule="evenodd"
              height="5"
              role="img"
              viewBox="0 0 10 5"
              width="10"
            >
              <title>
                Sort rows by this header in ascending order
              </title>
              <path
                d="M0 5L5 .002 10 5z"
              />
            </svg>
          </button>
        </th>
        <th
          aria-sort="none"
          className="tableHeader"
          scope="col"
        >
          <button
            className="tableHeader bx--table-sort-v2"
            onClick={[Function]}
          >
            <span
              className="bx--table-header-label"
            >
              Definitions
            </span>
            <svg
              alt="Sort rows by this header in ascending order"
              aria-label="Sort rows by this header in ascending order"
              className="bx--table-sort-v2__icon"
              fillRule="evenodd"
              height="5"
              role="img"
              viewBox="0 0 10 5"
              width="10"
            >
              <title>
                Sort rows by this header in ascending order
              </title>
              <path
                d="M0 5L5 .002 10 5z"
              />
            </svg>
          </button>
        </th>
        <th
          aria-sort="none"
          className="tableHeader"
          scope="col"
        >
          <button
            className="tableHeader bx--table-sort-v2"
            onClick={[Function]}
          >
            <span
              className="bx--table-header-label"
            >
              Rules
            </span>
            <svg
              alt="Sort rows by this header in ascending order"
              aria-label="Sort rows by this header in ascending order"
              className="bx--table-sort-v2__icon"
              fillRule="evenodd"
              height="5"
              role="img"
              viewBox="0 0 10 5"
              width="10"
            >
              <title>
                Sort rows by this header in ascending order
              </title>
              <path
                d="M0 5L5 .002 10 5z"
              />
            </svg>
          </button>
        </th>
        <th
          aria-sort="none"
          className="tableHeader"
          scope="col"
        >
          <button
            className="tableHeader bx--table-sort-v2"
            onClick={[Function]}
          >
            <span
              className="bx--table-header-label"
            >
              Stage Gate Allocations
            </span>
            <svg
              alt="Sort rows by this header in ascending order"
              aria-label="Sort rows by this header in ascending order"
              className="bx--table-sort-v2__icon"
              fillRule="evenodd"
              height="5"
              role="img"
              viewBox="0 0 10 5"
              width="10"
            >
              <title>
                Sort rows by this header in ascending order
              </title>
              <path
                d="M0 5L5 .002 10 5z"
              />
            </svg>
          </button>
        </th>
        <th
          aria-sort="none"
          className="tableHeader"
          scope="col"
        >
          <button
            className="tableHeader bx--table-sort-v2"
            onClick={[Function]}
          >
            <span
              className="bx--table-header-label"
            >
              Violations
            </span>
            <svg
              alt="Sort rows by this header in ascending order"
              aria-label="Sort rows by this header in ascending order"
              className="bx--table-sort-v2__icon"
              fillRule="evenodd"
              height="5"
              role="img"
              viewBox="0 0 10 5"
              width="10"
            >
              <title>
                Sort rows by this header in ascending order
              </title>
              <path
                d="M0 5L5 .002 10 5z"
              />
            </svg>
          </button>
        </th>
      </tr>
    </thead>
    <tbody
      className="tableBody"
      data-testid="policies-tbody"
    >
      <tr
        className="tableRow"
        onClick={[Function]}
      >
        <td
          style={
            Object {
              "padding": "0",
            }
          }
        >
          <div
            className="tableCell"
          >
            <p
              className="tableTextarea"
            >
              Timss
            </p>
          </div>
        </td>
        <td
          style={
            Object {
              "padding": "0",
            }
          }
        >
          <div
            className="tableCell"
          >
            <p
              className="tableTextarea"
            >
              2
            </p>
          </div>
        </td>
        <td
          style={
            Object {
              "padding": "0",
            }
          }
        >
          <div
            className="tableCell"
          >
            <p
              className="tableTextarea"
            >
              2
            </p>
          </div>
        </td>
        <td
          style={
            Object {
              "padding": "0",
            }
          }
        >
          <div
            className="tableCell"
          >
            <p
              className="tableTextarea"
            >
              dev
            </p>
          </div>
        </td>
        <td
          style={
            Object {
              "padding": "0",
            }
          }
        >
          <div
            className="tableCell"
          >
            ---
          </div>
        </td>
      </tr>
    </tbody>
  </table>
</div>
`;
