// Jest Snapshot v1, https://goo.gl/fbAQLP

exports[`Info --- Snapshot Capturing Snapshot of Info 1`] = `
<div
  className="bx--tile"
  data-testid="tile-info"
  style={
    Object {
      "alignItems": "center",
      "display": "flex",
      "height": "10rem",
      "padding": "0",
      "width": "100%",
    }
  }
>
  <div
    className="counter"
    style={
      Object {
        "color": "#ffaa9d",
      }
    }
  >
    ---
  </div>
  <div
    className="divider"
  />
  <div
    className="text"
  >
    <h3
      className="title"
    >
      Test title
    </h3>
    <p
      className="content"
    >
      Test content text
    </p>
  </div>
</div>
`;
