// Jest Snapshot v1, https://goo.gl/fbAQLP

exports[`TeamSelector --- Snapshot Capturing Snapshot of TeamSelector 1`] = `
<section
  className="container"
>
  <h2
    className="title"
  >
    Team
  </h2>
  <div
    className="inputs"
  >
    <div
      className="bx--bmrg-select"
    >
      <div
        className="bx--list-box__wrapper"
      >
        <div
          className="bx--combo-box bx--list-box"
          onClick={[Function]}
          onKeyDown={[Function]}
          role="listbox"
          tabIndex="-1"
        >
          <div
            aria-controls={null}
            aria-expanded={false}
            aria-haspopup={true}
            aria-label="Open menu"
            aria-owns={null}
            className="bx--list-box__field"
            data-toggle={true}
            onBlur={[Function]}
            onClick={[Function]}
            onKeyDown={[Function]}
            role="button"
            tabIndex={-1}
            type="button"
          >
            <input
              aria-activedescendant={null}
              aria-autocomplete="list"
              aria-controls="team__menu"
              aria-expanded={false}
              aria-label="Choose an item"
              autoComplete="off"
              className="bx--text-input"
              disabled={false}
              id="team"
              onBlur={[Function]}
              onChange={[Function]}
              onKeyDown={[Function]}
              placeholder="Select a team"
              role="combobox"
              title="Team"
              value=""
            />
            
            <div
              className="bx--list-box__menu-icon"
            >
              <svg
                aria-label="Open menu"
                focusable="false"
                height={16}
                name="chevron--down"
                preserveAspectRatio="xMidYMid meet"
                role="img"
                style={
                  Object {
                    "willChange": "transform",
                  }
                }
                viewBox="0 0 16 16"
                width={16}
                xmlns="http://www.w3.org/2000/svg"
              >
                <path
                  d="M8 11L3 6l.7-.7L8 9.6l4.3-4.3.7.7z"
                />
                <title>
                  Open menu
                </title>
              </svg>
            </div>
          </div>
        </div>
      </div>
    </div>
    <button
      className="bx--btn bx--btn--sm bx--btn--primary"
      disabled={false}
      onClick={[Function]}
      tabIndex={0}
      type="button"
    >
      Create Team
      <svg
        aria-hidden="true"
        aria-label="Add team"
        className="bx--btn__icon"
        focusable="false"
        height={16}
        preserveAspectRatio="xMidYMid meet"
        role="img"
        style={
          Object {
            "willChange": "transform",
          }
        }
        viewBox="0 0 16 16"
        width={16}
        xmlns="http://www.w3.org/2000/svg"
      >
        <path
          d="M9 7V3H7v4H3v2h4v4h2V9h4V7z"
        />
      </svg>
    </button>
    <form
      onSubmit={[Function]}
    >
      <div
        className="bx--modal"
        onBlur={[Function]}
        onClick={[Function]}
        onClose={[Function]}
        onKeyDown={[Function]}
        open={false}
        role="presentation"
        tabIndex={-1}
      >
        <div
          className="bx--modal-container"
        >
          <div
            className="bx--modal-header"
          >
            <p
              className="bx--modal-header__label bx--type-delta"
            >
              Add a new one
            </p>
            <p
              className="bx--modal-header__heading bx--type-beta"
            >
              Create team
            </p>
            <button
              className="bx--modal-close"
              onClick={[Function]}
              title="Close the modal"
              type="button"
            >
              <svg
                aria-label="Close the modal"
                className="bx--modal-close__icon"
                focusable="false"
                height={20}
                preserveAspectRatio="xMidYMid meet"
                role="img"
                style={
                  Object {
                    "willChange": "transform",
                  }
                }
                viewBox="0 0 32 32"
                width={20}
                xmlns="http://www.w3.org/2000/svg"
              >
                <path
                  d="M24 9.4L22.6 8 16 14.6 9.4 8 8 9.4l6.6 6.6L8 22.6 9.4 24l6.6-6.6 6.6 6.6 1.4-1.4-6.6-6.6L24 9.4z"
                />
              </svg>
            </button>
          </div>
          <div
            className="bx--modal-content"
          >
            <div
              className="modalForm"
            >
              <div
                className="bx--bmrg-text-input"
              >
                <div
                  className="bx--form-item bx--text-input-wrapper"
                >
                  <label
                    className="bx--label"
                    htmlFor="name"
                  >
                    <div
                      className="bx--bmrg-text-input__label"
                    >
                      <div>
                        Name
                      </div>
                    </div>
                  </label>
                  <div
                    className="bx--text-input__field-wrapper"
                    data-invalid={null}
                  >
                    <input
                      className="bx--text-input bx--text__input"
                      disabled={false}
                      id="name"
                      onBlur={[Function]}
                      onChange={[Function]}
                      onClick={[Function]}
                      placeholder="Enter team name"
                      type="text"
                      value=""
                    />
                  </div>
                </div>
              </div>
            </div>
          </div>
          <div
            className="bx--modal-footer"
            inputref={
              Object {
                "current": null,
              }
            }
          >
            <button
              className="bx--btn bx--btn--secondary"
              disabled={false}
              onClick={[Function]}
              tabIndex={0}
              type="button"
            >
              Cancel
            </button>
            <button
              className="bx--btn bx--btn--primary bx--btn--disabled"
              disabled={true}
              tabIndex={0}
              type="submit"
            >
              Create
            </button>
          </div>
        </div>
      </div>
    </form>
  </div>
</section>
`;
