// Jest Snapshot v1, https://goo.gl/fbAQLP

exports[`ViolationsTable --- Snapshot Capturing Snapshot of ViolationsTable 1`] = `
<div
  className="bx--data-table-container"
>
  <table
    className="bx--data-table tableContainer bx--data-table--no-border"
    sortable="true"
  >
    <thead>
      <tr
        className="tableHeadRow"
      >
        <th
          className="tableHeader ciPolicyName"
          scope="col"
        >
          <span
            className="bx--table-header-label"
          >
            Policy
          </span>
        </th>
        <th
          className="tableHeader ciStageName"
          scope="col"
        >
          <span
            className="bx--table-header-label"
          >
            Stage
          </span>
        </th>
        <th
          className="tableHeader ciComponentName"
          scope="col"
        >
          <span
            className="bx--table-header-label"
          >
            Component
          </span>
        </th>
        <th
          className="tableHeader ciComponentVersionName"
          scope="col"
        >
          <span
            className="bx--table-header-label"
          >
            Version
          </span>
        </th>
        <th
          className="tableHeader violations"
          scope="col"
        >
          <span
            className="bx--table-header-label"
          >
            Violations
          </span>
        </th>
        <th
          className="tableHeader ciPolicyDefinitionTypes"
          scope="col"
        >
          <span
            className="bx--table-header-label"
          >
            Failed Definition Types
          </span>
        </th>
        <th
          className="tableHeader ciPolicyActivityCreatedDate"
          scope="col"
        >
          <span
            className="bx--table-header-label"
          >
            Activity Date
          </span>
        </th>
      </tr>
    </thead>
    <tbody
      aria-live="polite"
      className="tableBody"
    >
      <tr>
        <td
          style={
            Object {
              "padding": "0",
            }
          }
        >
          <div
            className="tableCell"
          >
            <p
              className="tableTextarea"
            >
              Tyson's Policy
            </p>
          </div>
        </td>
        <td
          style={
            Object {
              "padding": "0",
            }
          }
        >
          <div
            className="tableCell"
          >
            <p
              className="tableTextarea"
            >
              dev
            </p>
          </div>
        </td>
        <td
          style={
            Object {
              "padding": "0",
            }
          }
        >
          <div
            className="tableCell"
          >
            <p
              className="tableTextarea"
            >
              boomerang.service.ci
            </p>
          </div>
        </td>
        <td
          style={
            Object {
              "padding": "0",
            }
          }
        >
          <div
            className="tableCell"
          >
            <p
              className="tableTextarea"
            >
              6.4.9-175
            </p>
          </div>
        </td>
        <td
          style={
            Object {
              "padding": "0",
            }
          }
        >
          <div
            className="tableCell"
          >
            <p
              className="tableTextarea"
            >
              3
            </p>
          </div>
        </td>
        <td
          style={
            Object {
              "padding": "0",
            }
          }
        >
          <div
            className="tableCell"
          >
            <p
              className="tableTextarea"
            >
              ---
            </p>
          </div>
        </td>
        <td
          style={
            Object {
              "padding": "0",
            }
          }
        >
          <div
            className="tableCell"
          >
            <p
              className="tableTextarea"
            >
              Jan 01, 2019 - 12:00 am
            </p>
          </div>
        </td>
      </tr>
    </tbody>
  </table>
</div>
`;
