// Jest Snapshot v1, https://goo.gl/fbAQLP

exports[`ViolationsTable --- Snapshot Capturing Snapshot of ViolationsTable 1`] = `
<div
  className="bx--data-table-container"
>
  <table
    className="bx--data-table tableContainer bx--data-table--no-border"
    sortable="true"
  >
    <thead>
      <tr
        className="tableHeadRow"
      >
        <th
          className="bx--table-expand"
          scope="col"
        />
        <th
          aria-sort="none"
          className="tableHeader ciPolicyName"
          scope="col"
        >
          <button
            className="tableHeader ciPolicyName bx--table-sort"
            onClick={[Function]}
          >
            <span
              className="bx--table-header-label"
            >
              Policy
            </span>
            <svg
              aria-label="Sort rows by this header in ascending order"
              className="bx--table-sort__icon"
              focusable="false"
              height={20}
              preserveAspectRatio="xMidYMid meet"
              role="img"
              style={
                Object {
                  "willChange": "transform",
                }
              }
              viewBox="0 0 32 32"
              width={20}
              xmlns="http://www.w3.org/2000/svg"
            >
              <path
                d="M16 4L6 14l1.41 1.41L15 7.83V30h2V7.83l7.59 7.58L26 14 16 4z"
              />
            </svg>
            <svg
              aria-label="Sort rows by this header in ascending order"
              className="bx--table-sort__icon-unsorted"
              focusable="false"
              height={20}
              preserveAspectRatio="xMidYMid meet"
              role="img"
              style={
                Object {
                  "willChange": "transform",
                }
              }
              viewBox="0 0 32 32"
              width={20}
              xmlns="http://www.w3.org/2000/svg"
            >
              <path
                d="M26.59 20.59L23 24.17V4h-2v20.17l-3.59-3.58L16 22l6 6 6-6-1.41-1.41zM10 4l-6 6 1.41 1.41L9 7.83V28h2V7.83l3.59 3.58L16 10l-6-6z"
              />
            </svg>
          </button>
        </th>
        <th
          aria-sort="none"
          className="tableHeader ciStageName"
          scope="col"
        >
          <button
            className="tableHeader ciStageName bx--table-sort"
            onClick={[Function]}
          >
            <span
              className="bx--table-header-label"
            >
              Stage
            </span>
            <svg
              aria-label="Sort rows by this header in ascending order"
              className="bx--table-sort__icon"
              focusable="false"
              height={20}
              preserveAspectRatio="xMidYMid meet"
              role="img"
              style={
                Object {
                  "willChange": "transform",
                }
              }
              viewBox="0 0 32 32"
              width={20}
              xmlns="http://www.w3.org/2000/svg"
            >
              <path
                d="M16 4L6 14l1.41 1.41L15 7.83V30h2V7.83l7.59 7.58L26 14 16 4z"
              />
            </svg>
            <svg
              aria-label="Sort rows by this header in ascending order"
              className="bx--table-sort__icon-unsorted"
              focusable="false"
              height={20}
              preserveAspectRatio="xMidYMid meet"
              role="img"
              style={
                Object {
                  "willChange": "transform",
                }
              }
              viewBox="0 0 32 32"
              width={20}
              xmlns="http://www.w3.org/2000/svg"
            >
              <path
                d="M26.59 20.59L23 24.17V4h-2v20.17l-3.59-3.58L16 22l6 6 6-6-1.41-1.41zM10 4l-6 6 1.41 1.41L9 7.83V28h2V7.83l3.59 3.58L16 10l-6-6z"
              />
            </svg>
          </button>
        </th>
        <th
          aria-sort="none"
          className="tableHeader ciComponentName"
          scope="col"
        >
          <button
            className="tableHeader ciComponentName bx--table-sort"
            onClick={[Function]}
          >
            <span
              className="bx--table-header-label"
            >
              Component
            </span>
            <svg
              aria-label="Sort rows by this header in ascending order"
              className="bx--table-sort__icon"
              focusable="false"
              height={20}
              preserveAspectRatio="xMidYMid meet"
              role="img"
              style={
                Object {
                  "willChange": "transform",
                }
              }
              viewBox="0 0 32 32"
              width={20}
              xmlns="http://www.w3.org/2000/svg"
            >
              <path
                d="M16 4L6 14l1.41 1.41L15 7.83V30h2V7.83l7.59 7.58L26 14 16 4z"
              />
            </svg>
            <svg
              aria-label="Sort rows by this header in ascending order"
              className="bx--table-sort__icon-unsorted"
              focusable="false"
              height={20}
              preserveAspectRatio="xMidYMid meet"
              role="img"
              style={
                Object {
                  "willChange": "transform",
                }
              }
              viewBox="0 0 32 32"
              width={20}
              xmlns="http://www.w3.org/2000/svg"
            >
              <path
                d="M26.59 20.59L23 24.17V4h-2v20.17l-3.59-3.58L16 22l6 6 6-6-1.41-1.41zM10 4l-6 6 1.41 1.41L9 7.83V28h2V7.83l3.59 3.58L16 10l-6-6z"
              />
            </svg>
          </button>
        </th>
        <th
          aria-sort="none"
          className="tableHeader ciComponentVersionName"
          scope="col"
        >
          <button
            className="tableHeader ciComponentVersionName bx--table-sort"
            onClick={[Function]}
          >
            <span
              className="bx--table-header-label"
            >
              Version
            </span>
            <svg
              aria-label="Sort rows by this header in ascending order"
              className="bx--table-sort__icon"
              focusable="false"
              height={20}
              preserveAspectRatio="xMidYMid meet"
              role="img"
              style={
                Object {
                  "willChange": "transform",
                }
              }
              viewBox="0 0 32 32"
              width={20}
              xmlns="http://www.w3.org/2000/svg"
            >
              <path
                d="M16 4L6 14l1.41 1.41L15 7.83V30h2V7.83l7.59 7.58L26 14 16 4z"
              />
            </svg>
            <svg
              aria-label="Sort rows by this header in ascending order"
              className="bx--table-sort__icon-unsorted"
              focusable="false"
              height={20}
              preserveAspectRatio="xMidYMid meet"
              role="img"
              style={
                Object {
                  "willChange": "transform",
                }
              }
              viewBox="0 0 32 32"
              width={20}
              xmlns="http://www.w3.org/2000/svg"
            >
              <path
                d="M26.59 20.59L23 24.17V4h-2v20.17l-3.59-3.58L16 22l6 6 6-6-1.41-1.41zM10 4l-6 6 1.41 1.41L9 7.83V28h2V7.83l3.59 3.58L16 10l-6-6z"
              />
            </svg>
          </button>
        </th>
        <th
          aria-sort="none"
          className="tableHeader nbrViolations"
          scope="col"
        >
          <button
            className="tableHeader nbrViolations bx--table-sort"
            onClick={[Function]}
          >
            <span
              className="bx--table-header-label"
            >
              Violations
            </span>
            <svg
              aria-label="Sort rows by this header in ascending order"
              className="bx--table-sort__icon"
              focusable="false"
              height={20}
              preserveAspectRatio="xMidYMid meet"
              role="img"
              style={
                Object {
                  "willChange": "transform",
                }
              }
              viewBox="0 0 32 32"
              width={20}
              xmlns="http://www.w3.org/2000/svg"
            >
              <path
                d="M16 4L6 14l1.41 1.41L15 7.83V30h2V7.83l7.59 7.58L26 14 16 4z"
              />
            </svg>
            <svg
              aria-label="Sort rows by this header in ascending order"
              className="bx--table-sort__icon-unsorted"
              focusable="false"
              height={20}
              preserveAspectRatio="xMidYMid meet"
              role="img"
              style={
                Object {
                  "willChange": "transform",
                }
              }
              viewBox="0 0 32 32"
              width={20}
              xmlns="http://www.w3.org/2000/svg"
            >
              <path
                d="M26.59 20.59L23 24.17V4h-2v20.17l-3.59-3.58L16 22l6 6 6-6-1.41-1.41zM10 4l-6 6 1.41 1.41L9 7.83V28h2V7.83l3.59 3.58L16 10l-6-6z"
              />
            </svg>
          </button>
        </th>
        <th
          aria-sort="none"
          className="tableHeader ciPolicyDefinitionTypes"
          scope="col"
        >
          <button
            className="tableHeader ciPolicyDefinitionTypes bx--table-sort"
            onClick={[Function]}
          >
            <span
              className="bx--table-header-label"
            >
              Failed Definition Types
            </span>
            <svg
              aria-label="Sort rows by this header in ascending order"
              className="bx--table-sort__icon"
              focusable="false"
              height={20}
              preserveAspectRatio="xMidYMid meet"
              role="img"
              style={
                Object {
                  "willChange": "transform",
                }
              }
              viewBox="0 0 32 32"
              width={20}
              xmlns="http://www.w3.org/2000/svg"
            >
              <path
                d="M16 4L6 14l1.41 1.41L15 7.83V30h2V7.83l7.59 7.58L26 14 16 4z"
              />
            </svg>
            <svg
              aria-label="Sort rows by this header in ascending order"
              className="bx--table-sort__icon-unsorted"
              focusable="false"
              height={20}
              preserveAspectRatio="xMidYMid meet"
              role="img"
              style={
                Object {
                  "willChange": "transform",
                }
              }
              viewBox="0 0 32 32"
              width={20}
              xmlns="http://www.w3.org/2000/svg"
            >
              <path
                d="M26.59 20.59L23 24.17V4h-2v20.17l-3.59-3.58L16 22l6 6 6-6-1.41-1.41zM10 4l-6 6 1.41 1.41L9 7.83V28h2V7.83l3.59 3.58L16 10l-6-6z"
              />
            </svg>
          </button>
        </th>
        <th
          aria-sort="none"
          className="tableHeader ciPolicyActivityCreatedDate"
          scope="col"
        >
          <button
            className="tableHeader ciPolicyActivityCreatedDate bx--table-sort"
            onClick={[Function]}
          >
            <span
              className="bx--table-header-label"
            >
              Activity Date
            </span>
            <svg
              aria-label="Sort rows by this header in ascending order"
              className="bx--table-sort__icon"
              focusable="false"
              height={20}
              preserveAspectRatio="xMidYMid meet"
              role="img"
              style={
                Object {
                  "willChange": "transform",
                }
              }
              viewBox="0 0 32 32"
              width={20}
              xmlns="http://www.w3.org/2000/svg"
            >
              <path
                d="M16 4L6 14l1.41 1.41L15 7.83V30h2V7.83l7.59 7.58L26 14 16 4z"
              />
            </svg>
            <svg
              aria-label="Sort rows by this header in ascending order"
              className="bx--table-sort__icon-unsorted"
              focusable="false"
              height={20}
              preserveAspectRatio="xMidYMid meet"
              role="img"
              style={
                Object {
                  "willChange": "transform",
                }
              }
              viewBox="0 0 32 32"
              width={20}
              xmlns="http://www.w3.org/2000/svg"
            >
              <path
                d="M26.59 20.59L23 24.17V4h-2v20.17l-3.59-3.58L16 22l6 6 6-6-1.41-1.41zM10 4l-6 6 1.41 1.41L9 7.83V28h2V7.83l3.59 3.58L16 10l-6-6z"
              />
            </svg>
          </button>
        </th>
      </tr>
    </thead>
    <tbody
      aria-live="polite"
      className="tableBody"
    >
      <tr
        className="bx--parent-row"
        data-parent-row={true}
        disabled={false}
      >
        <td
          className="bx--table-expand"
          headers="expand"
        >
          <button
            aria-label="Expand current row"
            className="bx--table-expand__button"
            onClick={[Function]}
          >
            <svg
              aria-hidden={true}
              className="bx--table-expand__svg"
              focusable="false"
              height={16}
              preserveAspectRatio="xMidYMid meet"
              style={
                Object {
                  "willChange": "transform",
                }
              }
              viewBox="0 0 16 16"
              width={16}
              xmlns="http://www.w3.org/2000/svg"
            >
              <path
                d="M11 8l-5 5-.7-.7L9.6 8 5.3 3.7 6 3z"
              />
            </svg>
          </button>
        </td>
        <td
          style={
            Object {
              "padding": "0",
            }
          }
        >
          <div
            className="tableCell"
          >
            <p
              className="tableTextarea"
            >
              Tyson's Policy
            </p>
          </div>
        </td>
        <td
          style={
            Object {
              "padding": "0",
            }
          }
        >
          <div
            className="tableCell"
          >
            <p
              className="tableTextarea"
            >
              dev
            </p>
          </div>
        </td>
        <td
          style={
            Object {
              "padding": "0",
            }
          }
        >
          <div
            className="tableCell"
          >
            <p
              className="tableTextarea"
            >
              boomerang.service.ci
            </p>
          </div>
        </td>
        <td
          style={
            Object {
              "padding": "0",
            }
          }
        >
          <div
            className="tableCell"
          >
            <p
              className="tableTextarea"
            >
              6.4.9-175
            </p>
          </div>
        </td>
        <td
          style={
            Object {
              "padding": "0",
            }
          }
        >
          <div
            className="tableCell"
          >
            <p
              className="tableTextarea"
            >
              ---
            </p>
          </div>
        </td>
        <td
          style={
            Object {
              "padding": "0",
            }
          }
        >
          <div
            className="tableCell"
          >
            <p
              className="tableTextarea"
            >
              ---
            </p>
          </div>
        </td>
        <td
          style={
            Object {
              "padding": "0",
            }
          }
        >
          <div
            className="tableCell"
          >
            <p
              className="tableTextarea"
            >
              Jan 01, 2019 - 12:00 am
            </p>
          </div>
        </td>
      </tr>
    </tbody>
  </table>
</div>
`;
