// Jest Snapshot v1, https://goo.gl/fbAQLP

exports[`ViolationsTable --- Snapshot Capturing Snapshot of ViolationsTable 1`] = `
<div
  className="bx--data-table-v2-container"
>
  <table
    className="bx--data-table-v2 tableContainer"
    sortable={true}
  >
    <thead>
      <tr
        className="tableHeadRow"
      >
        <th
          aria-sort="none"
          className="tableHeader"
          scope="col"
        >
          <button
            className="tableHeader bx--table-sort-v2"
            onClick={[Function]}
          >
            <span
              className="bx--table-header-label"
            >
              Policy
            </span>
            <svg
              alt="Sort rows by this header in ascending order"
              aria-label="Sort rows by this header in ascending order"
              className="bx--table-sort-v2__icon"
              fillRule="evenodd"
              height="5"
              role="img"
              viewBox="0 0 10 5"
              width="10"
            >
              <title>
                Sort rows by this header in ascending order
              </title>
              <path
                d="M0 5L5 .002 10 5z"
              />
            </svg>
          </button>
        </th>
        <th
          aria-sort="none"
          className="tableHeader"
          scope="col"
        >
          <button
            className="tableHeader bx--table-sort-v2"
            onClick={[Function]}
          >
            <span
              className="bx--table-header-label"
            >
              Stage
            </span>
            <svg
              alt="Sort rows by this header in ascending order"
              aria-label="Sort rows by this header in ascending order"
              className="bx--table-sort-v2__icon"
              fillRule="evenodd"
              height="5"
              role="img"
              viewBox="0 0 10 5"
              width="10"
            >
              <title>
                Sort rows by this header in ascending order
              </title>
              <path
                d="M0 5L5 .002 10 5z"
              />
            </svg>
          </button>
        </th>
        <th
          aria-sort="none"
          className="tableHeader"
          scope="col"
        >
          <button
            className="tableHeader bx--table-sort-v2"
            onClick={[Function]}
          >
            <span
              className="bx--table-header-label"
            >
              Component
            </span>
            <svg
              alt="Sort rows by this header in ascending order"
              aria-label="Sort rows by this header in ascending order"
              className="bx--table-sort-v2__icon"
              fillRule="evenodd"
              height="5"
              role="img"
              viewBox="0 0 10 5"
              width="10"
            >
              <title>
                Sort rows by this header in ascending order
              </title>
              <path
                d="M0 5L5 .002 10 5z"
              />
            </svg>
          </button>
        </th>
        <th
          aria-sort="none"
          className="tableHeader"
          scope="col"
        >
          <button
            className="tableHeader bx--table-sort-v2"
            onClick={[Function]}
          >
            <span
              className="bx--table-header-label"
            >
              Version
            </span>
            <svg
              alt="Sort rows by this header in ascending order"
              aria-label="Sort rows by this header in ascending order"
              className="bx--table-sort-v2__icon"
              fillRule="evenodd"
              height="5"
              role="img"
              viewBox="0 0 10 5"
              width="10"
            >
              <title>
                Sort rows by this header in ascending order
              </title>
              <path
                d="M0 5L5 .002 10 5z"
              />
            </svg>
          </button>
        </th>
        <th
          aria-sort="none"
          className="tableHeader"
          scope="col"
        >
          <button
            className="tableHeader bx--table-sort-v2"
            onClick={[Function]}
          >
            <span
              className="bx--table-header-label"
            >
              Violations
            </span>
            <svg
              alt="Sort rows by this header in ascending order"
              aria-label="Sort rows by this header in ascending order"
              className="bx--table-sort-v2__icon"
              fillRule="evenodd"
              height="5"
              role="img"
              viewBox="0 0 10 5"
              width="10"
            >
              <title>
                Sort rows by this header in ascending order
              </title>
              <path
                d="M0 5L5 .002 10 5z"
              />
            </svg>
          </button>
        </th>
        <th
          aria-sort="none"
          className="tableHeader"
          scope="col"
        >
          <button
            className="tableHeader bx--table-sort-v2"
            onClick={[Function]}
          >
            <span
              className="bx--table-header-label"
            >
              Activity Date
            </span>
            <svg
              alt="Sort rows by this header in ascending order"
              aria-label="Sort rows by this header in ascending order"
              className="bx--table-sort-v2__icon"
              fillRule="evenodd"
              height="5"
              role="img"
              viewBox="0 0 10 5"
              width="10"
            >
              <title>
                Sort rows by this header in ascending order
              </title>
              <path
                d="M0 5L5 .002 10 5z"
              />
            </svg>
          </button>
        </th>
      </tr>
    </thead>
    <tbody
      className="tableBody"
    >
      <tr>
        <td
          style={
            Object {
              "padding": "0",
            }
          }
        >
          <div
            className="tableCell"
          >
            <p
              className="tableTextarea"
            >
              Tyson's Policy
            </p>
          </div>
        </td>
        <td
          style={
            Object {
              "padding": "0",
            }
          }
        >
          <div
            className="tableCell"
          >
            <p
              className="tableTextarea"
            >
              dev
            </p>
          </div>
        </td>
        <td
          style={
            Object {
              "padding": "0",
            }
          }
        >
          <div
            className="tableCell"
          >
            <p
              className="tableTextarea"
            >
              boomerang.service.ci
            </p>
          </div>
        </td>
        <td
          style={
            Object {
              "padding": "0",
            }
          }
        >
          <div
            className="tableCell"
          >
            <p
              className="tableTextarea"
            >
              6.4.9-175
            </p>
          </div>
        </td>
        <td
          style={
            Object {
              "padding": "0",
            }
          }
        >
          <div
            className="tableCell"
          >
            <p
              className="tableTextarea"
            >
              3
            </p>
          </div>
        </td>
        <td
          style={
            Object {
              "padding": "0",
            }
          }
        >
          <div
            className="tableCell"
          >
            <p
              className="tableTextarea"
            >
              Jan 01, 2019 - 12:00 am
            </p>
          </div>
        </td>
      </tr>
    </tbody>
  </table>
</div>
`;
